  AstPrinter.cpp
C:\Users\marcz\source\repos\CraftingInterpreters\AstPrinter\Expr.h(10,15): error C2011: 'Visitor': 'class' type redefinition
C:\Users\marcz\source\repos\CraftingInterpreters\AstPrinter\Expr.h(10): message : see declaration of 'Visitor'
C:\Users\marcz\source\repos\CraftingInterpreters\AstPrinter\Expr.h(18,12): error C2011: 'Expr': 'class' type redefinition
C:\Users\marcz\source\repos\CraftingInterpreters\AstPrinter\Expr.h(18): message : see declaration of 'Expr'
C:\Users\marcz\source\repos\CraftingInterpreters\AstPrinter\Expr.h(24,17): error C2011: 'Binary': 'struct' type redefinition
C:\Users\marcz\source\repos\CraftingInterpreters\AstPrinter\Expr.h(4): message : see declaration of 'Binary'
C:\Users\marcz\source\repos\CraftingInterpreters\AstPrinter\Expr.h(42,19): error C2011: 'Grouping': 'struct' type redefinition
C:\Users\marcz\source\repos\CraftingInterpreters\AstPrinter\Expr.h(5): message : see declaration of 'Grouping'
C:\Users\marcz\source\repos\CraftingInterpreters\AstPrinter\Expr.h(54,18): error C2011: 'Literal': 'struct' type redefinition
C:\Users\marcz\source\repos\CraftingInterpreters\AstPrinter\Expr.h(7): message : see declaration of 'Literal'
C:\Users\marcz\source\repos\CraftingInterpreters\AstPrinter\Expr.h(66,16): error C2011: 'Unary': 'struct' type redefinition
C:\Users\marcz\source\repos\CraftingInterpreters\AstPrinter\Expr.h(6): message : see declaration of 'Unary'
C:\Users\marcz\source\repos\CraftingInterpreters\AstPrinter\AstPrinter.h(12,35): error C2504: 'Visitor': base class undefined
C:\Users\marcz\source\repos\CraftingInterpreters\AstPrinter\AstPrinter.h(14,35): error C2061: syntax error: identifier 'vector'
C:\Users\marcz\source\repos\CraftingInterpreters\AstPrinter\AstPrinter.h(21,15): error C3668: 'AstPrinter::visitBinaryExpr': method with override specifier 'override' did not override any base class methods
C:\Users\marcz\source\repos\CraftingInterpreters\AstPrinter\AstPrinter.h(23,15): error C3668: 'AstPrinter::visitGroupingExpr': method with override specifier 'override' did not override any base class methods
C:\Users\marcz\source\repos\CraftingInterpreters\AstPrinter\AstPrinter.h(25,15): error C3668: 'AstPrinter::visitLiteralExpr': method with override specifier 'override' did not override any base class methods
C:\Users\marcz\source\repos\CraftingInterpreters\AstPrinter\AstPrinter.h(27,15): error C3668: 'AstPrinter::visitUnaryExpr': method with override specifier 'override' did not override any base class methods
C:\Users\marcz\source\repos\CraftingInterpreters\AstPrinter\AstPrinter.cpp(16,18): error C2011: 'AstPrinter': 'class' type redefinition
C:\Users\marcz\source\repos\CraftingInterpreters\AstPrinter\AstPrinter.h(12): message : see declaration of 'AstPrinter'
C:\Users\marcz\source\repos\CraftingInterpreters\AstPrinter\AstPrinter.cpp(63,36): error C2027: use of undefined type 'Literal'
C:\Users\marcz\source\repos\CraftingInterpreters\AstPrinter\Expr.h(7): message : see declaration of 'Literal'
C:\Users\marcz\source\repos\CraftingInterpreters\AstPrinter\AstPrinter.cpp(63,37): error C2027: use of undefined type 'Unary'
C:\Users\marcz\source\repos\CraftingInterpreters\AstPrinter\Expr.h(6): message : see declaration of 'Unary'
C:\Users\marcz\source\repos\CraftingInterpreters\AstPrinter\AstPrinter.cpp(68,3): error C2027: use of undefined type 'Literal'
C:\Users\marcz\source\repos\CraftingInterpreters\AstPrinter\Expr.h(7): message : see declaration of 'Literal'
C:\Users\marcz\source\repos\CraftingInterpreters\AstPrinter\AstPrinter.cpp(69,2): error C2027: use of undefined type 'Grouping'
C:\Users\marcz\source\repos\CraftingInterpreters\AstPrinter\Expr.h(5): message : see declaration of 'Grouping'
C:\Users\marcz\source\repos\CraftingInterpreters\AstPrinter\AstPrinter.cpp(69,3): error C2027: use of undefined type 'Binary'
C:\Users\marcz\source\repos\CraftingInterpreters\AstPrinter\Expr.h(4): message : see declaration of 'Binary'
C:\Users\marcz\source\repos\CraftingInterpreters\AstPrinter\AstPrinter.cpp(71,27): error C2027: use of undefined type 'AstPrinter'
C:\Users\marcz\source\repos\CraftingInterpreters\AstPrinter\AstPrinter.h(12): message : see declaration of 'AstPrinter'
